app/account/page.tsx(120,5): error TS2345: Argument of type '{ id: string; createdAt: Date; updatedAt: Date; userId: string; name: string; description: string | null; cadence: string; startDate: Date; goalAmount: number; goalUnit: string; goalUnitCategory: string; timeWindow: string | null; sourcePopularPostId: string | null; dailyProgress: number; }[]' is not assignable to parameter of type '{ id: string; createdAt: Date; updatedAt: Date; userId: string; name: string; description: string | null; reminder: string | null; cadence: string; startDate: Date; timeOfDay: string | null; goalAmount: number; goalUnit: string; goalUnitCategory: string; dailyProgress: number; }[]'.
  Type '{ id: string; createdAt: Date; updatedAt: Date; userId: string; name: string; description: string | null; cadence: string; startDate: Date; goalAmount: number; goalUnit: string; goalUnitCategory: string; timeWindow: string | null; sourcePopularPostId: string | null; dailyProgress: number; }' is missing the following properties from type '{ id: string; createdAt: Date; updatedAt: Date; userId: string; name: string; description: string | null; reminder: string | null; cadence: string; startDate: Date; timeOfDay: string | null; goalAmount: number; goalUnit: string; goalUnitCategory: string; dailyProgress: number; }': reminder, timeOfDay
app/api/habits/reflections/route.ts(40,38): error TS2339: Property 'habitReflection' does not exist on type 'PrismaClient<PrismaClientOptions, never, DefaultArgs>'.
app/api/habits/reflections/route.ts(109,37): error TS2339: Property 'habitReflection' does not exist on type 'PrismaClient<PrismaClientOptions, never, DefaultArgs>'.
app/api/should-dos/[id]/like/route.ts(23,35): error TS2339: Property 'shouldDo' does not exist on type 'PrismaClient<PrismaClientOptions, never, DefaultArgs>'.
app/api/should-dos/[id]/like/route.ts(32,14): error TS2339: Property 'shouldDoLike' does not exist on type 'PrismaClient<PrismaClientOptions, never, DefaultArgs>'.
app/api/should-dos/[id]/like/route.ts(38,14): error TS2339: Property 'shouldDo' does not exist on type 'PrismaClient<PrismaClientOptions, never, DefaultArgs>'.
app/api/should-dos/[id]/like/route.ts(79,35): error TS2339: Property 'shouldDo' does not exist on type 'PrismaClient<PrismaClientOptions, never, DefaultArgs>'.
app/api/should-dos/[id]/like/route.ts(87,32): error TS2339: Property 'shouldDoLike' does not exist on type 'PrismaClient<PrismaClientOptions, never, DefaultArgs>'.
app/api/should-dos/[id]/like/route.ts(99,14): error TS2339: Property 'shouldDoLike' does not exist on type 'PrismaClient<PrismaClientOptions, never, DefaultArgs>'.
app/api/should-dos/[id]/like/route.ts(102,14): error TS2339: Property 'shouldDo' does not exist on type 'PrismaClient<PrismaClientOptions, never, DefaultArgs>'.
app/api/should-dos/[id]/route.ts(57,14): error TS2339: Property 'shouldDo' does not exist on type 'PrismaClient<PrismaClientOptions, never, DefaultArgs>'.
app/api/should-dos/[id]/route.ts(61,14): error TS2339: Property 'shouldDoLike' does not exist on type 'PrismaClient<PrismaClientOptions, never, DefaultArgs>'.
app/api/should-dos/[id]/route.ts(98,35): error TS2339: Property 'shouldDo' does not exist on type 'PrismaClient<PrismaClientOptions, never, DefaultArgs>'.
app/api/should-dos/[id]/route.ts(109,32): error TS2339: Property 'shouldDo' does not exist on type 'PrismaClient<PrismaClientOptions, never, DefaultArgs>'.
app/api/should-dos/[id]/route.ts(126,32): error TS2339: Property 'shouldDoLike' does not exist on type 'PrismaClient<PrismaClientOptions, never, DefaultArgs>'.
app/api/should-dos/[id]/route.ts(157,35): error TS2339: Property 'shouldDo' does not exist on type 'PrismaClient<PrismaClientOptions, never, DefaultArgs>'.
app/api/should-dos/[id]/route.ts(168,18): error TS2339: Property 'shouldDo' does not exist on type 'PrismaClient<PrismaClientOptions, never, DefaultArgs>'.
app/api/should-dos/route.ts(73,14): error TS2339: Property 'shouldDo' does not exist on type 'PrismaClient<PrismaClientOptions, never, DefaultArgs>'.
app/api/should-dos/route.ts(83,14): error TS2339: Property 'shouldDoLike' does not exist on type 'PrismaClient<PrismaClientOptions, never, DefaultArgs>'.
app/api/should-dos/route.ts(89,41): error TS7006: Parameter 'entry' implicitly has an 'any' type.
app/api/should-dos/route.ts(90,31): error TS7006: Parameter 'entry' implicitly has an 'any' type.
app/api/should-dos/route.ts(90,68): error TS2345: Argument of type 'Set<unknown>' is not assignable to parameter of type 'Set<string>'.
  Type 'unknown' is not assignable to type 'string'.
app/api/should-dos/route.ts(114,32): error TS2339: Property 'shouldDo' does not exist on type 'PrismaClient<PrismaClientOptions, never, DefaultArgs>'.
app/api/todos/[id]/route.ts(131,7): error TS2322: Type 'TodoUpdateInput' is not assignable to type '(Without<TodoUpdateInput, TodoUncheckedUpdateInput> & TodoUncheckedUpdateInput) | (Without<...> & TodoUpdateInput)'.
  Type 'TodoUpdateInput' is not assignable to type 'Without<TodoUncheckedUpdateInput, TodoUpdateInput> & TodoUpdateInput'.
    Type 'import("B:/growly/node_modules/.prisma/client/index").Prisma.TodoUpdateInput' is not assignable to type 'import("B:/growly/lib/generated/prisma/index").Prisma.TodoUpdateInput'.
      Types of property 'collections' are incompatible.
        Type 'import("B:/growly/node_modules/.prisma/client/index").Prisma.CollectionTodoUpdateManyWithoutTodoNestedInput | undefined' is not assignable to type 'import("B:/growly/lib/generated/prisma/index").Prisma.CollectionTodoUpdateManyWithoutTodoNestedInput | undefined'.
          Type 'import("B:/growly/node_modules/.prisma/client/index").Prisma.CollectionTodoUpdateManyWithoutTodoNestedInput' is not assignable to type 'import("B:/growly/lib/generated/prisma/index").Prisma.CollectionTodoUpdateManyWithoutTodoNestedInput'.
            Types of property 'create' are incompatible.
              Type '(import("B:/growly/node_modules/.prisma/client/index").Prisma.Without<import("B:/growly/node_modules/.prisma/client/index").Prisma.CollectionTodoCreateWithoutTodoInput, import("B:/growly/node_modules/.prisma/client/index").Prisma.CollectionTodoUncheckedCreateWithoutTodoInput> & import("B:/growly/node_modules/.prisma...' is not assignable to type '(import("B:/growly/lib/generated/prisma/index").Prisma.Without<import("B:/growly/lib/generated/prisma/index").Prisma.CollectionTodoCreateWithoutTodoInput, import("B:/growly/lib/generated/prisma/index").Prisma.CollectionTodoUncheckedCreateWithoutTodoInput> & import("B:/growly/lib/generated/prisma/index").Prisma.Colle...'.
                Type 'Without<CollectionTodoUncheckedCreateWithoutTodoInput, CollectionTodoCreateWithoutTodoInput> & CollectionTodoCreateWithoutTodoInput' is not assignable to type '(Without<CollectionTodoCreateWithoutTodoInput, CollectionTodoUncheckedCreateWithoutTodoInput> & CollectionTodoUncheckedCreateWithoutTodoInput) | (Without<...> & CollectionTodoCreateWithoutTodoInput) | CollectionTodoCreateWithoutTodoInput[] | CollectionTodoUncheckedCreateWithoutTodoInput[] | undefined'.
                  Type 'Without<CollectionTodoUncheckedCreateWithoutTodoInput, CollectionTodoCreateWithoutTodoInput> & CollectionTodoCreateWithoutTodoInput' is not assignable to type '(Without<CollectionTodoUncheckedCreateWithoutTodoInput, CollectionTodoCreateWithoutTodoInput> & CollectionTodoCreateWithoutTodoInput) | CollectionTodoCreateWithoutTodoInput[] | CollectionTodoUncheckedCreateWithoutTodoInput[]'.
                    Type 'import("B:/growly/node_modules/.prisma/client/index").Prisma.Without<import("B:/growly/node_modules/.prisma/client/index").Prisma.CollectionTodoUncheckedCreateWithoutTodoInput, import("B:/growly/node_modules/.prisma/client/index").Prisma.CollectionTodoCreateWithoutTodoInput> & import("B:/growly/node_modules/.prisma/...' is not assignable to type 'import("B:/growly/lib/generated/prisma/index").Prisma.Without<import("B:/growly/lib/generated/prisma/index").Prisma.CollectionTodoUncheckedCreateWithoutTodoInput, import("B:/growly/lib/generated/prisma/index").Prisma.CollectionTodoCreateWithoutTodoInput> & import("B:/growly/lib/generated/prisma/index").Prisma.Collec...'.
                      Type 'Without<CollectionTodoUncheckedCreateWithoutTodoInput, CollectionTodoCreateWithoutTodoInput> & CollectionTodoCreateWithoutTodoInput' is not assignable to type 'CollectionTodoCreateWithoutTodoInput'.
                        The types of 'collection.create' are incompatible between these types.
                          Type '(import("B:/growly/node_modules/.prisma/client/index").Prisma.Without<import("B:/growly/node_modules/.prisma/client/index").Prisma.CollectionCreateWithoutItemsInput, import("B:/growly/node_modules/.prisma/client/index").Prisma.CollectionUncheckedCreateWithoutItemsInput> & import("B:/growly/node_modules/.prisma/clien...' is not assignable to type '(import("B:/growly/lib/generated/prisma/index").Prisma.Without<import("B:/growly/lib/generated/prisma/index").Prisma.CollectionCreateWithoutItemsInput, import("B:/growly/lib/generated/prisma/index").Prisma.CollectionUncheckedCreateWithoutItemsInput> & import("B:/growly/lib/generated/prisma/index").Prisma.CollectionU...'.
                            Type 'Without<CollectionUncheckedCreateWithoutItemsInput, CollectionCreateWithoutItemsInput> & CollectionCreateWithoutItemsInput' is not assignable to type '(Without<CollectionCreateWithoutItemsInput, CollectionUncheckedCreateWithoutItemsInput> & CollectionUncheckedCreateWithoutItemsInput) | (Without<...> & CollectionCreateWithoutItemsInput) | undefined'.
                              Type 'import("B:/growly/node_modules/.prisma/client/index").Prisma.Without<import("B:/growly/node_modules/.prisma/client/index").Prisma.CollectionUncheckedCreateWithoutItemsInput, import("B:/growly/node_modules/.prisma/client/index").Prisma.CollectionCreateWithoutItemsInput> & import("B:/growly/node_modules/.prisma/client...' is not assignable to type 'import("B:/growly/lib/generated/prisma/index").Prisma.Without<import("B:/growly/lib/generated/prisma/index").Prisma.CollectionUncheckedCreateWithoutItemsInput, import("B:/growly/lib/generated/prisma/index").Prisma.CollectionCreateWithoutItemsInput> & import("B:/growly/lib/generated/prisma/index").Prisma.CollectionCr...'.
                                Type 'Without<CollectionUncheckedCreateWithoutItemsInput, CollectionCreateWithoutItemsInput> & CollectionCreateWithoutItemsInput' is not assignable to type 'CollectionCreateWithoutItemsInput'.
                                  The types of 'user.connectOrCreate' are incompatible between these types.
                                    Type 'import("B:/growly/node_modules/.prisma/client/index").Prisma.UserCreateOrConnectWithoutCollectionsInput | undefined' is not assignable to type 'import("B:/growly/lib/generated/prisma/index").Prisma.UserCreateOrConnectWithoutCollectionsInput | undefined'.
                                      Type 'import("B:/growly/node_modules/.prisma/client/index").Prisma.UserCreateOrConnectWithoutCollectionsInput' is not assignable to type 'import("B:/growly/lib/generated/prisma/index").Prisma.UserCreateOrConnectWithoutCollectionsInput'.
                                        Types of property 'where' are incompatible.
                                          Type 'import("B:/growly/node_modules/.prisma/client/index").Prisma.UserWhereUniqueInput' is not assignable to type 'import("B:/growly/lib/generated/prisma/index").Prisma.UserWhereUniqueInput'.
                                            Type '{ email: string | undefined; } & { id?: string | undefined; email?: string | undefined; username?: string | undefined; AND?: UserWhereInput | UserWhereInput[] | undefined; ... 24 more ...; postHabitLikes?: PostHabitLikeListRelationFilter | undefined; }' is not assignable to type 'UserWhereUniqueInput'.
                                              Type '{ email: string | undefined; } & { id?: string | undefined; email?: string | undefined; username?: string | undefined; AND?: UserWhereInput | UserWhereInput[] | undefined; ... 24 more ...; postHabitLikes?: PostHabitLikeListRelationFilter | undefined; }' is not assignable to type '{ id: string; email: string; username: string; } & { id?: string | undefined; email?: string | undefined; username?: string | undefined; AND?: UserWhereInput | UserWhereInput[] | undefined; ... 18 more ...; todos?: TodoListRelationFilter | undefined; }'.
                                                Type '{ email: string | undefined; } & { id?: string | undefined; email?: string | undefined; username?: string | undefined; AND?: UserWhereInput | UserWhereInput[] | undefined; ... 24 more ...; postHabitLikes?: PostHabitLikeListRelationFilter | undefined; }' is not assignable to type '{ id: string; email: string; username: string; }'.
                                                  Types of property 'id' are incompatible.
                                                    Type 'string | undefined' is not assignable to type 'string'.
                                                      Type 'undefined' is not assignable to type 'string'.
app/api/todos/route.ts(138,7): error TS2322: Type 'import("B:/growly/node_modules/.prisma/client/index").Prisma.TodoWhereInput' is not assignable to type 'import("B:/growly/lib/generated/prisma/index").Prisma.TodoWhereInput'.
  Types of property 'AND' are incompatible.
    Type 'import("B:/growly/node_modules/.prisma/client/index").Prisma.TodoWhereInput | import("B:/growly/node_modules/.prisma/client/index").Prisma.TodoWhereInput[] | undefined' is not assignable to type 'import("B:/growly/lib/generated/prisma/index").Prisma.TodoWhereInput | import("B:/growly/lib/generated/prisma/index").Prisma.TodoWhereInput[] | undefined'.
      Type 'TodoWhereInput' is not assignable to type 'TodoWhereInput | TodoWhereInput[] | undefined'.
app/community/page.tsx(41,19): error TS2339: Property 'timeWindow' does not exist on type '{ user: { name: string; username: string | null; }; } & { id: string; createdAt: Date; updatedAt: Date; userId: string; cadence: string; description: string | null; title: string; category: HabitCategory; habitId: string; votesCount: number; }'.
app/dashboard/analytics/page.tsx(103,25): error TS2345: Argument of type '{ id: string; createdAt: Date; updatedAt: Date; userId: string; name: string; description: string | null; cadence: string; startDate: Date; goalAmount: number; goalUnit: string; goalUnitCategory: string; timeWindow: string | null; sourcePopularPostId: string | null; dailyProgress: number; }[]' is not assignable to parameter of type '{ id: string; createdAt: Date; updatedAt: Date; userId: string; name: string; description: string | null; reminder: string | null; cadence: string; startDate: Date; timeOfDay: string | null; goalAmount: number; goalUnit: string; goalUnitCategory: string; dailyProgress: number; }[]'.
  Type '{ id: string; createdAt: Date; updatedAt: Date; userId: string; name: string; description: string | null; cadence: string; startDate: Date; goalAmount: number; goalUnit: string; goalUnitCategory: string; timeWindow: string | null; sourcePopularPostId: string | null; dailyProgress: number; }' is missing the following properties from type '{ id: string; createdAt: Date; updatedAt: Date; userId: string; name: string; description: string | null; reminder: string | null; cadence: string; startDate: Date; timeOfDay: string | null; goalAmount: number; goalUnit: string; goalUnitCategory: string; dailyProgress: number; }': reminder, timeOfDay
app/dashboard/analytics/page.tsx(243,7): error TS2322: Type '{ summary: { totalHabits: number; averageStreak: number; averageCompletion: number; averageSuccessRate: number; topStreak: { name: string; streak: number; } | undefined; lookbackLabel: string; streakGoalDays: number | undefined; streakGoalProgress: number; streakGoalGap: number | null; bestStreak: number; }; ... 4 m...' is not assignable to type 'IntrinsicAttributes & Props'.
  Property 'habits' does not exist on type 'IntrinsicAttributes & Props'.
app/dashboard/components/todos-widget.tsx(92,37): error TS2339: Property 'scheduledTime' does not exist on type '{ id: string; createdAt: Date; updatedAt: Date; userId: string; location: string | null; description: string | null; status: TodoStatus; title: string; category: string | null; ... 8 more ...; archived: boolean; }'.
app/dashboard/habits/habits-board.tsx(1267,47): error TS2339: Property 'timeWindow' does not exist on type 'Habit'.
app/dashboard/habits/page.tsx(54,5): error TS2345: Argument of type '{ id: string; createdAt: Date; updatedAt: Date; userId: string; name: string; cadence: string; description: string | null; startDate: Date; timeWindow: string | null; goalAmount: number; goalUnit: string; goalUnitCategory: string; sourcePopularPostId: string | null; dailyProgress: number; }[]' is not assignable to parameter of type '{ id: string; createdAt: Date; updatedAt: Date; userId: string; name: string; cadence: string; description: string | null; startDate: Date; reminder: string | null; goalAmount: number; goalUnit: string; goalUnitCategory: string; dailyProgress: number; timeOfDay: string | null; }[]'.
  Type '{ id: string; createdAt: Date; updatedAt: Date; userId: string; name: string; cadence: string; description: string | null; startDate: Date; timeWindow: string | null; goalAmount: number; goalUnit: string; goalUnitCategory: string; sourcePopularPostId: string | null; dailyProgress: number; }' is missing the following properties from type '{ id: string; createdAt: Date; updatedAt: Date; userId: string; name: string; cadence: string; description: string | null; startDate: Date; reminder: string | null; goalAmount: number; goalUnit: string; goalUnitCategory: string; dailyProgress: number; timeOfDay: string | null; }': reminder, timeOfDay
app/dashboard/habits/routines/[id]/edit/page.tsx(33,13): error TS2339: Property 'timeWindow' does not exist on type '{ id: string; createdAt: Date; updatedAt: Date; userId: string; name: string; cadence: string; description: string | null; startDate: Date; reminder: string | null; goalAmount: number; goalUnit: string; goalUnitCategory: string; dailyProgress: number; timeOfDay: string | null; }'.
app/dashboard/habits/routines/[id]/edit/page.tsx(34,34): error TS2339: Property 'timeWindow' does not exist on type '{ id: string; createdAt: Date; updatedAt: Date; userId: string; name: string; cadence: string; description: string | null; startDate: Date; reminder: string | null; goalAmount: number; goalUnit: string; goalUnitCategory: string; dailyProgress: number; timeOfDay: string | null; }'.
app/dashboard/habits/routines/[id]/edit/page.tsx(106,31): error TS2345: Argument of type '{ id: string; createdAt: Date; updatedAt: Date; userId: string; name: string; cadence: string; description: string | null; startDate: Date; timeWindow: string | null; goalAmount: number; goalUnit: string; goalUnitCategory: string; sourcePopularPostId: string | null; dailyProgress: number; }' is not assignable to parameter of type '{ id: string; createdAt: Date; updatedAt: Date; userId: string; name: string; cadence: string; description: string | null; startDate: Date; reminder: string | null; goalAmount: number; goalUnit: string; goalUnitCategory: string; dailyProgress: number; timeOfDay: string | null; }'.
  Type '{ id: string; createdAt: Date; updatedAt: Date; userId: string; name: string; cadence: string; description: string | null; startDate: Date; timeWindow: string | null; goalAmount: number; goalUnit: string; goalUnitCategory: string; sourcePopularPostId: string | null; dailyProgress: number; }' is missing the following properties from type '{ id: string; createdAt: Date; updatedAt: Date; userId: string; name: string; cadence: string; description: string | null; startDate: Date; reminder: string | null; goalAmount: number; goalUnit: string; goalUnitCategory: string; dailyProgress: number; timeOfDay: string | null; }': reminder, timeOfDay
app/dashboard/habits/routines/page.tsx(41,13): error TS2339: Property 'timeWindow' does not exist on type '{ id: string; createdAt: Date; updatedAt: Date; userId: string; name: string; cadence: string; description: string | null; startDate: Date; reminder: string | null; goalAmount: number; goalUnit: string; goalUnitCategory: string; dailyProgress: number; timeOfDay: string | null; }'.
app/dashboard/habits/routines/page.tsx(42,34): error TS2339: Property 'timeWindow' does not exist on type '{ id: string; createdAt: Date; updatedAt: Date; userId: string; name: string; cadence: string; description: string | null; startDate: Date; reminder: string | null; goalAmount: number; goalUnit: string; goalUnitCategory: string; dailyProgress: number; timeOfDay: string | null; }'.
app/dashboard/habits/routines/page.tsx(104,10): error TS2345: Argument of type '(habit: PrismaHabit) => { id: string; name: string; cadence: string; focus: string; }' is not assignable to parameter of type '(value: { id: string; createdAt: Date; updatedAt: Date; userId: string; name: string; cadence: string; description: string | null; startDate: Date; timeWindow: string | null; ... 4 more ...; dailyProgress: number; }, index: number, array: { ...; }[]) => { ...; }'.
  Types of parameters 'habit' and 'value' are incompatible.
    Type '{ id: string; createdAt: Date; updatedAt: Date; userId: string; name: string; cadence: string; description: string | null; startDate: Date; timeWindow: string | null; goalAmount: number; goalUnit: string; goalUnitCategory: string; sourcePopularPostId: string | null; dailyProgress: number; }' is missing the following properties from type '{ id: string; createdAt: Date; updatedAt: Date; userId: string; name: string; cadence: string; description: string | null; startDate: Date; reminder: string | null; goalAmount: number; goalUnit: string; goalUnitCategory: string; dailyProgress: number; timeOfDay: string | null; }': reminder, timeOfDay
app/dashboard/habits/routines/page.tsx(111,52): error TS2345: Argument of type '{ id: string; createdAt: Date; updatedAt: Date; userId: string; name: string; cadence: string; description: string | null; startDate: Date; timeWindow: string | null; goalAmount: number; goalUnit: string; goalUnitCategory: string; sourcePopularPostId: string | null; dailyProgress: number; }' is not assignable to parameter of type '{ id: string; createdAt: Date; updatedAt: Date; userId: string; name: string; cadence: string; description: string | null; startDate: Date; reminder: string | null; goalAmount: number; goalUnit: string; goalUnitCategory: string; dailyProgress: number; timeOfDay: string | null; }'.
  Type '{ id: string; createdAt: Date; updatedAt: Date; userId: string; name: string; cadence: string; description: string | null; startDate: Date; timeWindow: string | null; goalAmount: number; goalUnit: string; goalUnitCategory: string; sourcePopularPostId: string | null; dailyProgress: number; }' is missing the following properties from type '{ id: string; createdAt: Date; updatedAt: Date; userId: string; name: string; cadence: string; description: string | null; startDate: Date; reminder: string | null; goalAmount: number; goalUnit: string; goalUnitCategory: string; dailyProgress: number; timeOfDay: string | null; }': reminder, timeOfDay
app/dashboard/habits/routines/page.tsx(118,29): error TS2345: Argument of type '(habit: PrismaHabit) => { id: string; name: string; cadence: string; focus: string; }' is not assignable to parameter of type '(value: { id: string; createdAt: Date; updatedAt: Date; userId: string; name: string; cadence: string; description: string | null; startDate: Date; timeWindow: string | null; ... 4 more ...; dailyProgress: number; }, index: number, array: { ...; }[]) => { ...; }'.
  Types of parameters 'habit' and 'value' are incompatible.
    Type '{ id: string; createdAt: Date; updatedAt: Date; userId: string; name: string; cadence: string; description: string | null; startDate: Date; timeWindow: string | null; goalAmount: number; goalUnit: string; goalUnitCategory: string; sourcePopularPostId: string | null; dailyProgress: number; }' is missing the following properties from type '{ id: string; createdAt: Date; updatedAt: Date; userId: string; name: string; cadence: string; description: string | null; startDate: Date; reminder: string | null; goalAmount: number; goalUnit: string; goalUnitCategory: string; dailyProgress: number; timeOfDay: string | null; }': reminder, timeOfDay
app/dashboard/page.tsx(55,5): error TS2345: Argument of type '{ id: string; createdAt: Date; updatedAt: Date; userId: string; name: string; description: string | null; cadence: string; startDate: Date; goalAmount: number; goalUnit: string; goalUnitCategory: string; timeWindow: string | null; sourcePopularPostId: string | null; dailyProgress: number; }[]' is not assignable to parameter of type '{ id: string; createdAt: Date; updatedAt: Date; userId: string; name: string; description: string | null; reminder: string | null; cadence: string; startDate: Date; timeOfDay: string | null; goalAmount: number; goalUnit: string; goalUnitCategory: string; dailyProgress: number; }[]'.
  Type '{ id: string; createdAt: Date; updatedAt: Date; userId: string; name: string; description: string | null; cadence: string; startDate: Date; goalAmount: number; goalUnit: string; goalUnitCategory: string; timeWindow: string | null; sourcePopularPostId: string | null; dailyProgress: number; }' is missing the following properties from type '{ id: string; createdAt: Date; updatedAt: Date; userId: string; name: string; description: string | null; reminder: string | null; cadence: string; startDate: Date; timeOfDay: string | null; goalAmount: number; goalUnit: string; goalUnitCategory: string; dailyProgress: number; }': reminder, timeOfDay
